// Jest Snapshot v1, https://goo.gl/fbAQLP

exports[`renders Sound Recorder title 1`] = `
Array [
  <header>
    <h1>
      Sound Recorder
    </h1>
  </header>,
  <main>
    <button
      className="record-play"
    >
      â€¦
    </button>
  </main>,
]
`;
